HB8 HF10 VF2 HA3 HD7 HL7 HH11 HL2
HB8 HF10 VF2 HA3 HD7 HL7 HH11 HL2
2
F2 L2
L2 A1
F2 F10